---
source: crates/indexing/tests/indexing.rs
expression: snapshot
snapshot_kind: text
---
Index {
    term_item: Arena {
        len: 0,
        data: [],
    },
    type_item: Arena {
        len: 0,
        data: [],
    },
    term_export: ArenaMap {
        v: [],
        _ty: PhantomData<la_arena::Idx<indexing::index::TermItem>>,
    },
    type_export: ArenaMap {
        v: [],
        _ty: PhantomData<la_arena::Idx<indexing::index::TypeItem>>,
    },
    alias_nominal: {},
    term_nominal: {},
    type_nominal: {},
}
Relational {
    data: [],
    class: [],
    chain: [],
    instance: [],
}
IndexingSource {
    export: AstPtrMap {
        arena: Arena {
            len: 0,
            data: [],
        },
        table: {},
    },
    import: AstPtrMap {
        arena: Arena {
            len: 2,
            data: [
                AstPtr {
                    raw: SyntaxNodePtr {
                        kind: ImportStatement,
                        range: 17..33,
                    },
                },
                AstPtr {
                    raw: SyntaxNodePtr {
                        kind: ImportStatement,
                        range: 33..57,
                    },
                },
            ],
        },
        table: {
            Idx::<ImportStatement>>(1),
            Idx::<ImportStatement>>(0),
        },
    },
    data_signature: AstPtrMap {
        arena: Arena {
            len: 0,
            data: [],
        },
        table: {},
    },
    data_equation: AstPtrMap {
        arena: Arena {
            len: 0,
            data: [],
        },
        table: {},
    },
    data_constructor: AstPtrMap {
        arena: Arena {
            len: 0,
            data: [],
        },
        table: {},
    },
    newtype_signature: AstPtrMap {
        arena: Arena {
            len: 0,
            data: [],
        },
        table: {},
    },
    newtype_equation: AstPtrMap {
        arena: Arena {
            len: 0,
            data: [],
        },
        table: {},
    },
    type_role: AstPtrMap {
        arena: Arena {
            len: 0,
            data: [],
        },
        table: {},
    },
    type_signature: AstPtrMap {
        arena: Arena {
            len: 0,
            data: [],
        },
        table: {},
    },
    type_equation: AstPtrMap {
        arena: Arena {
            len: 0,
            data: [],
        },
        table: {},
    },
    class_signature: AstPtrMap {
        arena: Arena {
            len: 0,
            data: [],
        },
        table: {},
    },
    class_declaration: AstPtrMap {
        arena: Arena {
            len: 0,
            data: [],
        },
        table: {},
    },
    class_member: AstPtrMap {
        arena: Arena {
            len: 0,
            data: [],
        },
        table: {},
    },
    value_signature: AstPtrMap {
        arena: Arena {
            len: 0,
            data: [],
        },
        table: {},
    },
    value_equation: AstPtrMap {
        arena: Arena {
            len: 0,
            data: [],
        },
        table: {},
    },
    chain: AstPtrMap {
        arena: Arena {
            len: 0,
            data: [],
        },
        table: {},
    },
    instance: AstPtrMap {
        arena: Arena {
            len: 0,
            data: [],
        },
        table: {},
    },
    instance_member: AstPtrMap {
        arena: Arena {
            len: 0,
            data: [],
        },
        table: {},
    },
    derive: AstPtrMap {
        arena: Arena {
            len: 0,
            data: [],
        },
        table: {},
    },
    infix: AstPtrMap {
        arena: Arena {
            len: 0,
            data: [],
        },
        table: {},
    },
    foreign_data: AstPtrMap {
        arena: Arena {
            len: 0,
            data: [],
        },
        table: {},
    },
    foreign_value: AstPtrMap {
        arena: Arena {
            len: 0,
            data: [],
        },
        table: {},
    },
}
[]
