---
source: crates/indexing/tests/indexing.rs
expression: "(index, errors)"
snapshot_kind: text
---
(
    IndexingResult {
        source_map: SourceMap {
            exports: {
                AstPtr {
                    raw: SyntaxNodePtr {
                        kind: ExportValue,
                        range: 13..17,
                    },
                },
                AstPtr {
                    raw: SyntaxNodePtr {
                        kind: ExportClass,
                        range: 18..27,
                    },
                },
                AstPtr {
                    raw: SyntaxNodePtr {
                        kind: ExportType,
                        range: 28..36,
                    },
                },
                AstPtr {
                    raw: SyntaxNodePtr {
                        kind: ExportType,
                        range: 37..46,
                    },
                },
                AstPtr {
                    raw: SyntaxNodePtr {
                        kind: ExportOperator,
                        range: 47..51,
                    },
                },
                AstPtr {
                    raw: SyntaxNodePtr {
                        kind: ExportTypeOperator,
                        range: 52..61,
                    },
                },
                AstPtr {
                    raw: SyntaxNodePtr {
                        kind: ExportModule,
                        range: 62..76,
                    },
                },
            },
            imports: {},
            declaration: {},
            constructor: {},
            class_member: {},
            instance: {},
            instance_member: {},
        },
        nominal: NominalIndex {
            qualified: {},
            expr_item: {},
            type_item: {},
        },
        export: ExportIndex {
            module_export: {
                "Export": Id(
                    6,
                ),
            },
            expr_export: {
                "(+)": Id(
                    4,
                ),
                "life": Id(
                    0,
                ),
            },
            type_export: {
                "(+)": Id(
                    5,
                ),
                "Synonym": Id(
                    2,
                ),
                "Eq": Id(
                    1,
                ),
                "Data": Id(
                    3,
                ),
            },
        },
        relational: RelationalIndex {
            constructor_of: [],
            class_member_of: [],
            instance_of: [],
            instance_member_of: [],
        },
    },
    [],
)
