---
source: crates/parsing/tests/grammar_tests.rs
expression: result
---
Input: true
Start { kind: LiteralBinder }
  Token { kind: LiteralTrue }
Finish

