---
source: crates/parsing/tests/parser.rs
expression: "(node, errors)"
snapshot_kind: text
---
(
    Module@0..63
      ModuleHeader@0..63
        MODULE@0..6 "module"
        Comment@6..7
          WHITESPACE@6..7 " "
        ModuleName@7..34
          UPPER@7..33 "ModuleExportDataComma ..."
          Comment@33..34
            WHITESPACE@33..34 " "
        ModuleExportList@34..57
          LEFT_PARENTHESIS@34..35 "("
          ModuleExportType@35..55
            UPPER@35..41 "Either"
            ModuleExportTypeItemsList@41..55
              LEFT_PARENTHESIS@41..42 "("
              UPPER@42..46 "Left"
              COMMA@46..47 ","
              ERROR@47..48
                ERROR@47..47 ""
                COMMA@47..48 ","
              UPPER@48..53 "Right"
              ERROR@53..54
                ERROR@53..53 ""
                COMMA@53..54 ","
              RIGHT_PARENTHESIS@54..55 ")"
          RIGHT_PARENTHESIS@55..56 ")"
          Comment@56..57
            WHITESPACE@56..57 " "
        WHERE@57..62 "where"
        Comment@62..63
          WHITESPACE@62..63 "\n"
      LAYOUT_START@63..63 ""
      LAYOUT_END@63..63 ""
      END_OF_FILE@63..63 ""
    ,
    [
        ParseError {
            position: Position {
                offset: 47,
                line: 1,
                column: 48,
            },
            message: "Invalid token",
        },
        ParseError {
            position: Position {
                offset: 53,
                line: 1,
                column: 54,
            },
            message: "Trailing comma",
        },
    ],
)
