---
source: crates/parsing/tests/parser.rs
expression: "(node, errors)"
snapshot_kind: text
---
(
    Module@0..62
      ModuleHeader@0..62
        MODULE@0..6 "module"
        Comment@6..7
          WHITESPACE@6..7 " "
        ModuleName@7..45
          UPPER@7..44 "ModuleExportDataItemA ..."
          Comment@44..45
            WHITESPACE@44..45 " "
        ModuleExportList@45..62
          LEFT_PARENTHESIS@45..46 "("
          ModuleExportType@46..53
            UPPER@46..50 "List"
            ModuleExportTypeItemsAll@50..53
              LEFT_PARENTHESIS@50..51 "("
              DOUBLE_PERIOD@51..53 ".."
              ERROR@53..53 ""
          COMMA@53..54 ","
          Comment@54..55
            WHITESPACE@54..55 " "
          ModuleExportType@55..61
            UPPER@55..61 "Period"
            ModuleExportTypeItemsList@61..61
          RIGHT_PARENTHESIS@61..62 ")"
        ERROR@62..62 ""
      ERROR@62..62 ""
      ERROR@62..62 ""
      ERROR@62..62 ""
    ,
    [
        ParseError {
            position: Position {
                offset: 53,
                line: 1,
                column: 54,
            },
            message: "expected RIGHT_PARENTHESIS",
        },
        ParseError {
            position: Position {
                offset: 62,
                line: 1,
                column: 63,
            },
            message: "expected WHERE",
        },
        ParseError {
            position: Position {
                offset: 62,
                line: 1,
                column: 63,
            },
            message: "expected LAYOUT_START",
        },
        ParseError {
            position: Position {
                offset: 62,
                line: 1,
                column: 63,
            },
            message: "expected LAYOUT_END",
        },
        ParseError {
            position: Position {
                offset: 62,
                line: 1,
                column: 63,
            },
            message: "expected END_OF_FILE",
        },
    ],
)
