---
source: crates/parsing/tests/parser.rs
expression: "(node, errors)"
snapshot_kind: text
---
(
    Module@0..47
      ModuleHeader@0..30
        MODULE@0..6 "module"
        Comment@6..7
          WHITESPACE@6..7 " "
        ModuleName@7..23
          UPPER@7..22 "ExpressionTyped"
          Comment@22..23
            WHITESPACE@22..23 " "
        ModuleExportList@23..23
        WHERE@23..28 "where"
        Comment@28..30
          WHITESPACE@28..30 "\n\n"
      LAYOUT_START@30..30 ""
      ModuleImports@30..30
      ModuleStatements@30..47
        ValueEquation@30..47
          LOWER@30..35 "typed"
          Comment@35..36
            WHITESPACE@35..36 " "
          EquationBinders@36..36
          EquationUnguarded@36..47
            EQUAL@36..37 "="
            Comment@37..38
              WHITESPACE@37..38 " "
            EquationWhere@38..47
              ExpressionTyped@38..47
                ExpressionInteger@38..40
                  INTEGER@38..39 "1"
                  Comment@39..40
                    WHITESPACE@39..40 " "
                DOUBLE_COLON@40..42 "::"
                Comment@42..43
                  WHITESPACE@42..43 " "
                TypeConstructor@43..47
                  QualifiedName@43..47
                    UPPER@43..46 "Int"
                    Comment@46..47
                      WHITESPACE@46..47 "\n"
      LAYOUT_END@47..47 ""
      END_OF_FILE@47..47 ""
    ,
    [],
)
