---
source: crates/parsing/tests/parser.rs
expression: "(node, errors)"
snapshot_kind: text
---
(
    Module@0..69
      ModuleHeader@0..31
        MODULE@0..6 "module"
        Comment@6..7
          WHITESPACE@6..7 " "
        ModuleName@7..24
          UPPER@7..23 "ExpressionString"
          Comment@23..24
            WHITESPACE@23..24 " "
        ModuleExportList@24..24
        WHERE@24..29 "where"
        Comment@29..31
          WHITESPACE@29..31 "\n\n"
      LAYOUT_START@31..31 ""
      ModuleImports@31..31
      ModuleStatements@31..69
        ValueEquation@31..48
          LOWER@31..37 "string"
          Comment@37..38
            WHITESPACE@37..38 " "
          EquationBinders@38..38
          Unconditional@38..48
            EQUAL@38..39 "="
            Comment@39..40
              WHITESPACE@39..40 " "
            WhereExpression@40..48
              ExpressionString@40..48
                STRING@40..47 "\"hello\""
                Comment@47..48
                  WHITESPACE@47..48 "\n"
        LAYOUT_SEPARATOR@48..48 ""
        ValueEquation@48..69
          LOWER@48..54 "string"
          Comment@54..55
            WHITESPACE@54..55 " "
          EquationBinders@55..55
          Unconditional@55..69
            EQUAL@55..56 "="
            Comment@56..57
              WHITESPACE@56..57 " "
            WhereExpression@57..69
              ExpressionString@57..69
                RAW_STRING@57..68 "\"\"\"hello\"\"\""
                Comment@68..69
                  WHITESPACE@68..69 "\n"
      LAYOUT_END@69..69 ""
      END_OF_FILE@69..69 ""
    ,
    [],
)
