---
source: crates/parsing/tests/parser.rs
expression: "(node, errors)"
snapshot_kind: text
---
(
    Module@0..59
      ModuleHeader@0..59
        MODULE@0..6 "module"
        Comment@6..7
          WHITESPACE@6..7 " "
        ModuleName@7..25
          UPPER@7..24 "ModuleExportClass"
          Comment@24..25
            WHITESPACE@24..25 " "
        ModuleExportList@25..53
          LEFT_PARENTHESIS@25..26 "("
          ModuleExportClass@26..33
            CLASS@26..31 "class"
            Comment@31..32
              WHITESPACE@31..32 " "
            UPPER@32..33 "A"
          COMMA@33..34 ","
          Comment@34..35
            WHITESPACE@34..35 " "
          ModuleExportClass@35..41
            CLASS@35..40 "class"
            Comment@40..41
              WHITESPACE@40..41 " "
            ERROR@41..41 ""
          ERROR@41..41 ""
          ModuleExportValue@41..42
            LOWER@41..42 "b"
          COMMA@42..43 ","
          Comment@43..44
            WHITESPACE@43..44 " "
          ModuleExportClass@44..51
            CLASS@44..49 "class"
            Comment@49..50
              WHITESPACE@49..50 " "
            UPPER@50..51 "C"
          RIGHT_PARENTHESIS@51..52 ")"
          Comment@52..53
            WHITESPACE@52..53 " "
        WHERE@53..58 "where"
        Comment@58..59
          WHITESPACE@58..59 "\n"
      LAYOUT_START@59..59 ""
      ModuleImports@59..59
      ModuleStatements@59..59
      LAYOUT_END@59..59 ""
      END_OF_FILE@59..59 ""
    ,
    [
        ParseError {
            position: Position {
                offset: 41,
                line: 1,
                column: 42,
            },
            message: "expected UPPER",
        },
        ParseError {
            position: Position {
                offset: 41,
                line: 1,
                column: 42,
            },
            message: "expected COMMA",
        },
    ],
)
