---
source: crates/lexing_new/tests/lexer.rs
description: "(\n)\n{ \n}\n[\n]\n"
expression: snapshot
snapshot_kind: text
---
annotation : ""
 qualifier : ""
      kind : LEFT_PARENTHESIS
      text : "("
  position : (1, 1)
     error : None

annotation : "\n"
 qualifier : ""
      kind : RIGHT_PARENTHESIS
      text : ")"
  position : (2, 1)
     error : None

annotation : "\n"
 qualifier : ""
      kind : LEFT_CURLY
      text : "{"
  position : (3, 1)
     error : None

annotation : " \n"
 qualifier : ""
      kind : RIGHT_CURLY
      text : "}"
  position : (4, 1)
     error : None

annotation : "\n"
 qualifier : ""
      kind : LEFT_SQUARE
      text : "["
  position : (5, 1)
     error : None

annotation : "\n"
 qualifier : ""
      kind : RIGHT_SQUARE
      text : "]"
  position : (6, 1)
     error : None

annotation : "\n"
 qualifier : ""
      kind : END_OF_FILE
      text : ""
  position : (7, 1)
     error : None
