---
source: crates/indexing/tests/indexing.rs
expression: errors
snapshot_kind: text
---
[
    InvalidRole {
        role: Id<syntax::cst::Declaration>(1),
    },
    EmptyRole {
        role: Id<syntax::cst::Declaration>(2),
    },
    EmptyRole {
        role: Id<syntax::cst::Declaration>(4),
    },
    EmptyRole {
        role: Id<syntax::cst::Declaration>(5),
    },
    DuplicateDeclaration {
        declaration: Id<syntax::cst::Declaration>(4),
        duplicate: Id<syntax::cst::Declaration>(5),
    },
]
